exports[`toMatchSnapshot > toMatchSnapshot - json #0`] = `
{
  "number": 1234,
  "object": {
    "foo": "bar",
    "nestedObject": {
      "bar": "foo"
    }
  },
  "string": "string\\\\d"
}
`;

exports[`toMatchSnapshot > toMatchSnapshot - html #0`] = `
<div class="wrapper" data-test="test">
  <h1>Lorem \\d Ipsum</h1>
  <p>
    Lorem ipsum dolor sit amet, <a href="#">consectetur</a> adipiscing elit.
    Integer dignissim, odio sed interdum porta, urna ex ultricies tellus, non
    fringilla purus nulla nec augue. Vivamus eget iaculis lorem. Proin blandit
    dictum enim, vitae efficitur arcu euismod a. Sed sodales nisi volutpat dui
    convallis ullamcorper. Aenean eget semper metus. Curabitur quis imperdiet
    lorem. Ut vitae mauris augue. Pellentesque habitant morbi tristique senectus
    et netus et malesuada fames ac turpis egestas. Ut rhoncus augue et
    scelerisque malesuada. Pellentesque bibendum sit amet tellus sit amet
    pellentesque. Maecenas eu magna dapibus, tristique est nec, ornare libero.
    Sed consectetur consequat nisi.
  </p>
  <h2>Curabitur finibus quam</h2>
  <p>
    Curabitur finibus quam quam, in viverra nulla dapibus sed. Praesent cursus
    nec erat ut tempor. Donec pharetra rutrum aliquam. Mauris eget gravida quam.
    Aenean sodales eros a <a href="#">felis lobortis</a> faucibus. Donec sed
    luctus purus. Nullam nisi ipsum, scelerisque at felis eu, aliquam
    condimentum ex. Quisque nec orci at justo faucibus maximus. Suspendisse
    lobortis id mauris in pellentesque. Praesent et dolor ultricies, vestibulum
    ipsum vel, auctor lacus. Nullam nec dui id arcu consectetur aliquam.
  </p>
</div>
`;

exports[`toMatchSnapshot > toMatchSnapshot - html escaping #0`] = `
<span class="input input--number input--required" id="input-element">
  <input
    type="number"
    name="new_address.house_number"
    value=""
    pattern="\\d*"
    required=""
    data-date-format="mm/dd/yyyy"
  />
</span>
`;

exports[`toMatchSnapshot > toMatchSnapshot - normalizeJson: false #0`] = `
{
  "d": 1,
  "a": 5,
  "k": [
    1,
    2,
    "k",
    "a",
    null,
    null
  ],
  "q": {
    "j": "k",
    "b": 3,
    "o": [
      "o",
      1,
      {
        "a": 1
      },
      null,
      null
    ],
    "p": null
  },
  "t": null
}
`;

exports[`toMatchSnapshot > toMatchSnapshot - update #0`] = `
1570775795070
`;

exports[`toMatchSnapshot > toMatchSnapshot - update2 #0`] = `
1570773208199
`;

exports[`toMatchSnapshot > data types > toMatchSnapshot > toMatchSnapshot > other > null #0`] = `
null
`;

exports[`toMatchSnapshot > data types > toMatchSnapshot > toMatchSnapshot > other > false #0`] = `
false
`;

exports[`toMatchSnapshot > data types > toMatchSnapshot > toMatchSnapshot > other > true #0`] = `
true
`;

exports[`toMatchSnapshot > data types > toMatchSnapshot > toMatchSnapshot > json > string #0`] = `
kylie
`;

exports[`toMatchSnapshot > data types > toMatchSnapshot > toMatchSnapshot > json > number #0`] = `
5
`;

exports[`toMatchSnapshot > data types > toMatchSnapshot > toMatchSnapshot > json > date #0`] = `
2019-02-11T05:00:00.000Z
`;

exports[`toMatchSnapshot > data types > toMatchSnapshot > toMatchSnapshot > json > array #0`] = `
[
  1,
  2,
  3
]
`;

exports[`toMatchSnapshot > data types > toMatchSnapshot > toMatchSnapshot > json > object #0`] = `
{
  "a": 1,
  "b": 2
}
`;

exports[`toMatchSnapshot > data types > toMatchSnapshot > toMatchSnapshot > json > object-2 #0`] = `
{
  "a": 1,
  "b": 2
}
`;

exports[`toMatchSnapshot > data types > toMatchSnapshot > toMatchSnapshot > json > template #0`] = `
Line 1
		Line2
		Line3
`;

exports[`toMatchSnapshot > data types > toMatchSnapshot > toMatchSnapshot > html > jquery-get #0`] = `
<h4>H1</h4>
<h4>H2</h4>
<h4>H3</h4>
`;

exports[`toMatchSnapshot > data types > toMatchSnapshot > toMatchSnapshot > html > jquery-create #0`] = `
<div>Created DIV</div>
`;

exports[`toMatchSnapshot > data types > toMatchSnapshot > toMatchSnapshot > html > cy-get-element #0`] = `
<h4>H1</h4>
<h4>H2</h4>
<h4>H3</h4>
`;

exports[`toMatchSnapshot > data types > toMatchSnapshot > toMatchSnapshot > html > DOM-exists #0`] = `
<div id="test-div">Test Div</div>
`;

exports[`toMatchSnapshot > data types > toMatchSnapshot > toMatchSnapshot > html > DOM-created #0`] = `
<div>DOM-created</div>
`;

exports[`toMatchSnapshot > data types > toMatchSnapshot > toMatchSnapshot > html > HTMLCollection #0`] = `
<h4>H1</h4>
<h4>H2</h4>
<h4>H3</h4>
`;

exports[`toMatchSnapshot > data types > toMatchSnapshot > toMatchSnapshot > html > NodeList #0`] = `
<h4>H1</h4>
<h4>H2</h4>
<h4>H3</h4>
`;

exports[`toMatchSnapshot > data types > toMatchSnapshot > toMatchSnapshot > html > svg #0`] = `
<svg height="20" width="40"><path d="M10 0 L0 20 L20 20 Z"></path></svg>
`;
